[debug] [2026-04-07T02:30:14.562Z] ----------------------------------------------------------------------
[debug] [2026-04-07T02:30:14.564Z] Command:       /Users/pratikpatel/.nvm/versions/node/v18.20.8/bin/node /Users/pratikpatel/.nvm/versions/node/v18.20.8/bin/firebase functions:log
[debug] [2026-04-07T02:30:14.564Z] CLI Version:   13.35.1
[debug] [2026-04-07T02:30:14.564Z] Platform:      darwin
[debug] [2026-04-07T02:30:14.564Z] Node Version:  v18.20.8
[debug] [2026-04-07T02:30:14.565Z] Time:          Mon Apr 06 2026 20:30:14 GMT-0600 (Mountain Daylight Time)
[debug] [2026-04-07T02:30:14.566Z] ----------------------------------------------------------------------
[debug] 
[debug] [2026-04-07T02:30:14.704Z] > command requires scopes: ["email","openid","https://www.googleapis.com/auth/cloudplatformprojects.readonly","https://www.googleapis.com/auth/firebase","https://www.googleapis.com/auth/cloud-platform"]
[debug] [2026-04-07T02:30:14.705Z] > authorizing via signed-in user (ppratik96@gmail.com)
[debug] [2026-04-07T02:30:14.705Z] [iam] checking project familystyle-cfc4b for permissions ["firebase.projects.get","logging.logEntries.list","logging.logs.list"]
[debug] [2026-04-07T02:30:14.705Z] Checked if tokens are valid: true, expires at: 1775531211278
[debug] [2026-04-07T02:30:14.706Z] Checked if tokens are valid: true, expires at: 1775531211278
[debug] [2026-04-07T02:30:14.706Z] >>> [apiv2][query] POST https://cloudresourcemanager.googleapis.com/v1/projects/familystyle-cfc4b:testIamPermissions [none]
[debug] [2026-04-07T02:30:14.706Z] >>> [apiv2][(partial)header] POST https://cloudresourcemanager.googleapis.com/v1/projects/familystyle-cfc4b:testIamPermissions x-goog-quota-user=projects/familystyle-cfc4b
[debug] [2026-04-07T02:30:14.707Z] >>> [apiv2][body] POST https://cloudresourcemanager.googleapis.com/v1/projects/familystyle-cfc4b:testIamPermissions {"permissions":["firebase.projects.get","logging.logEntries.list","logging.logs.list"]}
[debug] [2026-04-07T02:30:14.935Z] <<< [apiv2][status] POST https://cloudresourcemanager.googleapis.com/v1/projects/familystyle-cfc4b:testIamPermissions 200
[debug] [2026-04-07T02:30:14.935Z] <<< [apiv2][body] POST https://cloudresourcemanager.googleapis.com/v1/projects/familystyle-cfc4b:testIamPermissions {"permissions":["firebase.projects.get","logging.logEntries.list","logging.logs.list"]}
[debug] [2026-04-07T02:30:14.935Z] Checked if tokens are valid: true, expires at: 1775531211278
[debug] [2026-04-07T02:30:14.935Z] Checked if tokens are valid: true, expires at: 1775531211278
[debug] [2026-04-07T02:30:14.936Z] >>> [apiv2][query] POST https://logging.googleapis.com/v2/entries:list [none]
[debug] [2026-04-07T02:30:14.936Z] >>> [apiv2][body] POST https://logging.googleapis.com/v2/entries:list {"resourceNames":["projects/familystyle-cfc4b"],"filter":"resource.type=\"cloud_function\" OR (resource.type=\"cloud_run_revision\" AND labels.\"goog-managed-by\"=\"cloudfunctions\")","orderBy":"timestamp desc","pageSize":35}
